// Jest Snapshot v1, https://goo.gl/fbAQLP

exports[`Appp testing renders three components 1`] = `ShallowWrapper {}`;
